{
    "epiENGAGE-INFLAenza": {
        "target_end_date": [
            "2025-02-15",
            "2025-02-22",
            "2025-03-01",
            "2025-03-08"
        ],
        "q0.025": [
            5.07631661447729,
            3.58134287386932,
            2.55187151850573,
            1.74202877378621
        ],
        "q0.25": [
            7.40313030579625,
            5.60801255180895,
            4.46895188780485,
            3.42726599346604
        ],
        "q0.5": [
            9.02495630001814,
            7.46638494415312,
            6.1177445212495,
            4.94999878365784
        ],
        "q0.75": [
            10.8573075585593,
            9.58694644400238,
            8.24680971500172,
            6.85449057864878
        ],
        "q0.975": [
            15.7217521423945,
            16.0759247113604,
            14.8197142476041,
            12.7724218345202
        ]
    },
    "epiENGAGE-GBQR": {
        "target_end_date": [
            "2025-02-15",
            "2025-02-22",
            "2025-03-01",
            "2025-03-08",
            "2025-03-15"
        ],
        "q0.025": [
            5.12694479401679,
            4.98166592128835,
            3.55303374796509,
            3.44800093689496,
            3.05201682966245
        ],
        "q0.25": [
            6.69484138913856,
            6.30891194817996,
            5.63387530138984,
            5.62769261365631,
            5.52718004365432
        ],
        "q0.5": [
            6.98671298141896,
            6.47034102857821,
            6.00062856158235,
            5.97176330638758,
            5.60676521497032
        ],
        "q0.75": [
            7.09039500202435,
            6.89716377123564,
            6.78015642732073,
            6.50423120635516,
            6.26719431968465
        ],
        "q0.975": [
            13.2027370072331,
            13.6801245173984,
            14.5295199671003,
            15.1582706594739,
            15.2650351412524
        ]
    }
}