{
    "epiENGAGE-INFLAenza": {
        "target_end_date": [
            "2025-02-22",
            "2025-03-01",
            "2025-03-08",
            "2025-03-15"
        ],
        "q0.025": [
            2.17091964871413,
            1.64431282052482,
            1.11264805413741,
            0.785186504379278
        ],
        "q0.25": [
            3.37256670275871,
            2.6659185039549,
            2.04686584769535,
            1.587773008782
        ],
        "q0.5": [
            4.09172292634844,
            3.43093897286461,
            2.7994543997697,
            2.36260230429493
        ],
        "q0.75": [
            4.8662283436846,
            4.45417250982738,
            3.78526305690848,
            3.41673826600439
        ],
        "q0.975": [
            7.03402963888398,
            7.00284204421511,
            6.85658025840877,
            6.60703074087433
        ]
    },
    "epiENGAGE-GBQR": {
        "target_end_date": [
            "2025-02-22",
            "2025-03-01",
            "2025-03-08",
            "2025-03-15",
            "2025-03-22"
        ],
        "q0.025": [
            1.96363619446878,
            1.96363619446878,
            1.585644044646,
            1.25288687537823,
            1.08392563003101
        ],
        "q0.25": [
            3.1543484365594,
            2.85790259585079,
            2.66303454059425,
            2.44861971077994,
            2.24595978261652
        ],
        "q0.5": [
            3.27815050187331,
            2.98470398952329,
            2.93528050599432,
            2.52001233710792,
            2.39643593925844
        ],
        "q0.75": [
            3.51425116215878,
            3.26762170811486,
            2.93953691060265,
            2.6894176538562,
            2.50271468120437
        ],
        "q0.975": [
            4.4394475075872,
            4.42603735821847,
            4.4340152373392,
            4.60743340516512,
            5.13945307905329
        ]
    }
}