{
    "epiENGAGE-INFLAenza": {
        "target_end_date": [
            "2025-02-15",
            "2025-02-22",
            "2025-03-01",
            "2025-03-08"
        ],
        "q0.025": [
            3.0899576503768,
            2.22350344058464,
            1.52404696350326,
            1.10382363549902
        ],
        "q0.25": [
            4.57994019955336,
            3.66284268295416,
            3.000695776542,
            2.38970597893776
        ],
        "q0.5": [
            5.57611821653904,
            4.82734104680262,
            3.97999847133193,
            3.45532706897326
        ],
        "q0.75": [
            6.8644140783396,
            6.15090892509147,
            5.5021396948344,
            4.7477098785061
        ],
        "q0.975": [
            10.0011504169479,
            9.7891620141856,
            9.67673680303877,
            9.28895506795767
        ]
    },
    "epiENGAGE-GBQR": {
        "target_end_date": [
            "2025-02-15",
            "2025-02-22",
            "2025-03-01",
            "2025-03-08",
            "2025-03-15"
        ],
        "q0.025": [
            3.80863163506434,
            3.76225026161008,
            3.41718779656091,
            2.9051465464537,
            2.56579099494145
        ],
        "q0.25": [
            5.23921130581746,
            5.11649091182387,
            4.49943798208517,
            4.15163080040886,
            4.13488784656421
        ],
        "q0.5": [
            5.55738853140854,
            5.18588050741672,
            5.10548028858505,
            4.52737164620474,
            4.29749139967722
        ],
        "q0.75": [
            5.5635642332523,
            5.23187818549266,
            5.14094099548141,
            4.91381110349535,
            4.36912388655957
        ],
        "q0.975": [
            6.37761048512463,
            6.372526571186,
            6.52756858011305,
            6.578429073393,
            7.18482718120062
        ]
    }
}