{
    "epiENGAGE-INFLAenza": {
        "target_end_date": [
            "2025-02-22",
            "2025-03-01",
            "2025-03-08",
            "2025-03-15"
        ],
        "q0.025": [
            2.7135128190584,
            1.698866784647,
            1.1904305523255,
            0.87293500603243
        ],
        "q0.25": [
            3.9312791797175,
            3.0840039200726,
            2.32633553362548,
            1.86236049077215
        ],
        "q0.5": [
            4.84577810432345,
            4.09354026742751,
            3.22186184077216,
            2.7077997322917
        ],
        "q0.75": [
            5.91434542918536,
            5.22533933318809,
            4.44756076714006,
            3.78468128850005
        ],
        "q0.975": [
            8.26414239272305,
            8.11384470284792,
            7.91632023023216,
            7.02798438929348
        ]
    },
    "epiENGAGE-GBQR": {
        "target_end_date": [
            "2025-02-22",
            "2025-03-01",
            "2025-03-08",
            "2025-03-15",
            "2025-03-22"
        ],
        "q0.025": [
            2.50378288590467,
            2.48165678338376,
            1.98100573623319,
            1.48266139527705,
            1.27392899689935
        ],
        "q0.25": [
            3.97604448622451,
            3.83799212753784,
            3.48171211951569,
            2.75550751314168,
            2.51745906928338
        ],
        "q0.5": [
            4.26222411671197,
            3.85865373920502,
            3.55100675461862,
            2.91809273104277,
            2.70754645877846
        ],
        "q0.75": [
            4.39754093462614,
            4.07562688070245,
            3.56649522943606,
            3.26547830960986,
            3.04135867911752
        ],
        "q0.975": [
            5.74234550127682,
            5.71773464924349,
            5.50423754011124,
            5.63845851098921,
            6.302450834851
        ]
    }
}