{
    "epiENGAGE-INFLAenza": {
        "target_end_date": [
            "2025-02-22",
            "2025-03-01",
            "2025-03-08",
            "2025-03-15"
        ],
        "q0.025": [
            2.71457299515953,
            1.73352098063882,
            1.21323684727785,
            0.873941057516953
        ],
        "q0.25": [
            3.98210731688764,
            3.1448719694229,
            2.37643257031481,
            1.82192377561812
        ],
        "q0.5": [
            4.94585456822176,
            4.04964397835801,
            3.31857885929551,
            2.73262342296415
        ],
        "q0.75": [
            5.9879489931741,
            5.24949850584902,
            4.52023844081859,
            3.91611679772662
        ],
        "q0.975": [
            8.37333402631783,
            8.79552100493722,
            7.8012603763402,
            7.05447538888843
        ]
    },
    "epiENGAGE-GBQR": {
        "target_end_date": [
            "2025-02-22",
            "2025-03-01",
            "2025-03-08",
            "2025-03-15",
            "2025-03-22"
        ],
        "q0.025": [
            2.35223993082753,
            2.33462968684522,
            1.86842901225171,
            1.62908270746205,
            1.41514201579908
        ],
        "q0.25": [
            3.65927581558492,
            3.35279837307293,
            3.26625586262828,
            2.93890915813473,
            2.74405975472746
        ],
        "q0.5": [
            4.1629674432042,
            3.56627977462593,
            3.56158346267142,
            3.0387351000707,
            2.77890886577405
        ],
        "q0.75": [
            4.37147056651604,
            3.96763988533448,
            3.73854261124175,
            3.32288809458801,
            2.9673359366322
        ],
        "q0.975": [
            5.52063854037652,
            5.54898151657465,
            5.61343607245169,
            5.92342998997046,
            6.28915972858512
        ]
    }
}