{
    "epiENGAGE-INFLAenza": {
        "target_end_date": [
            "2025-02-22",
            "2025-03-01",
            "2025-03-08",
            "2025-03-15"
        ],
        "q0.025": [
            654.0,
            532.0,
            457.975,
            416.0
        ],
        "q0.25": [
            830.0,
            714.0,
            635.0,
            591.0
        ],
        "q0.5": [
            947.0,
            827.0,
            756.0,
            711.0
        ],
        "q0.75": [
            1067.0,
            968.0,
            894.0,
            853.0
        ],
        "q0.975": [
            1338.0,
            1273.075,
            1221.05,
            1181.025
        ]
    },
    "epiENGAGE-GBQR": {
        "target_end_date": [
            "2025-02-22",
            "2025-03-01",
            "2025-03-08",
            "2025-03-15",
            "2025-03-22"
        ],
        "q0.025": [
            708.436205908701,
            666.624611513228,
            572.153526385921,
            540.331597026371,
            498.214694473368
        ],
        "q0.25": [
            863.431022755688,
            763.656153048222,
            656.576667033479,
            612.365105256439,
            555.023601413873
        ],
        "q0.5": [
            911.551390598423,
            786.82833795052,
            667.725213430815,
            617.668500426376,
            555.438290473824
        ],
        "q0.75": [
            959.20937988037,
            847.546213482942,
            747.919166849079,
            687.859194635689,
            654.838121314386
        ],
        "q0.975": [
            1202.91394348555,
            1207.21857671638,
            1222.51158226413,
            1219.70500708749,
            1231.94999127805
        ]
    }
}