{
    "epiENGAGE-INFLAenza": {
        "target_end_date": [
            "2025-02-22",
            "2025-03-01",
            "2025-03-08",
            "2025-03-15"
        ],
        "q0.025": [
            381.0,
            317.0,
            277.0,
            242.0
        ],
        "q0.25": [
            488.0,
            420.0,
            374.0,
            346.0
        ],
        "q0.5": [
            553.0,
            487.0,
            444.0,
            421.0
        ],
        "q0.75": [
            628.0,
            566.0,
            525.0,
            507.0
        ],
        "q0.975": [
            793.025,
            754.025,
            717.025,
            708.025
        ]
    },
    "epiENGAGE-GBQR": {
        "target_end_date": [
            "2025-02-22",
            "2025-03-01",
            "2025-03-08",
            "2025-03-15",
            "2025-03-22"
        ],
        "q0.025": [
            398.079654133974,
            378.019843273541,
            342.757127058323,
            319.235946069062,
            285.939402729171
        ],
        "q0.25": [
            524.755726721868,
            451.940293435851,
            401.116191325696,
            365.108766682691,
            336.754721208428
        ],
        "q0.5": [
            541.1682508475,
            467.303366154184,
            421.423132575789,
            374.953425460105,
            351.853152655096
        ],
        "q0.75": [
            561.741654549609,
            503.569777250263,
            444.335394923995,
            422.606994161865,
            413.691751178997
        ],
        "q0.975": [
            685.634905491828,
            687.236823536416,
            698.221807998578,
            703.296441727484,
            701.107203873927
        ]
    }
}