{
    "epiENGAGE-INFLAenza": {
        "target_end_date": [
            "2025-02-01",
            "2025-02-08",
            "2025-02-15",
            "2025-02-22"
        ],
        "q0.025": [
            1063.975,
            945.95,
            819.0,
            694.0
        ],
        "q0.25": [
            1369.0,
            1277.0,
            1132.0,
            986.0
        ],
        "q0.5": [
            1546.5,
            1479.0,
            1345.0,
            1192.0
        ],
        "q0.75": [
            1752.0,
            1721.0,
            1601.25,
            1447.0
        ],
        "q0.975": [
            2237.175,
            2263.025,
            2201.025,
            2039.05
        ]
    },
    "epiENGAGE-GBQR": {
        "target_end_date": [
            "2025-02-01",
            "2025-02-08",
            "2025-02-15",
            "2025-02-22",
            "2025-03-01"
        ],
        "q0.025": [
            1153.3682835508,
            1150.5166373943,
            1073.1618126706,
            933.22932991643,
            758.85754586934
        ],
        "q0.25": [
            1671.8125265723,
            1527.9893571425,
            1266.0543988869,
            1033.6723547174,
            831.52055672641
        ],
        "q0.5": [
            1766.2534754589,
            1618.3484325525,
            1331.7802536345,
            1109.4196519944,
            934.66341122276
        ],
        "q0.75": [
            1820.0023531926,
            1651.8122480291,
            1411.9943083515,
            1249.7526281047,
            1172.4910440254
        ],
        "q0.975": [
            2088.6670461308,
            2109.962849413,
            2173.8733138048,
            2176.8407008895,
            2209.0196538898
        ]
    }
}