{
    "epiENGAGE-INFLAenza": {
        "target_end_date": [
            "2025-03-01",
            "2025-03-08",
            "2025-03-15",
            "2025-03-22"
        ],
        "q0.025": [
            657.0,
            546.975,
            493.975,
            453.0
        ],
        "q0.25": [
            842.0,
            747.0,
            693.0,
            649.0
        ],
        "q0.5": [
            961.0,
            880.0,
            831.0,
            794.0
        ],
        "q0.75": [
            1105.0,
            1029.0,
            987.0,
            960.0
        ],
        "q0.975": [
            1431.0,
            1396.025,
            1379.075,
            1399.05
        ]
    },
    "epiENGAGE-GBQR": {
        "target_end_date": [
            "2025-03-01",
            "2025-03-08",
            "2025-03-15",
            "2025-03-22",
            "2025-03-29"
        ],
        "q0.025": [
            660.987869822554,
            631.111388404051,
            609.325651471212,
            584.763731263986,
            557.914462611676
        ],
        "q0.25": [
            861.923299809092,
            798.156900682216,
            737.362765970453,
            725.785377451061,
            694.509607938648
        ],
        "q0.5": [
            864.413493189729,
            834.377430171622,
            785.781946351161,
            751.605239271174,
            720.007544489409
        ],
        "q0.75": [
            890.262503935584,
            841.610410773569,
            796.204626850238,
            773.838081853108,
            738.022314090933
        ],
        "q0.975": [
            1004.24678032744,
            1011.81800721593,
            1014.12292946483,
            1013.50524286482,
            1003.89204976674
        ]
    }
}