{
    "epiENGAGE-INFLAenza": {
        "target_end_date": [
            "2025-02-22",
            "2025-03-01",
            "2025-03-08",
            "2025-03-15"
        ],
        "q0.025": [
            804.0,
            664.0,
            571.0,
            513.0
        ],
        "q0.25": [
            1023.0,
            881.0,
            785.0,
            726.0
        ],
        "q0.5": [
            1158.0,
            1016.0,
            930.0,
            878.0
        ],
        "q0.75": [
            1314.0,
            1185.25,
            1100.0,
            1053.0
        ],
        "q0.975": [
            1653.0,
            1573.0,
            1487.075,
            1500.0
        ]
    },
    "epiENGAGE-GBQR": {
        "target_end_date": [
            "2025-02-22",
            "2025-03-01",
            "2025-03-08",
            "2025-03-15",
            "2025-03-22"
        ],
        "q0.025": [
            790.221336357466,
            758.019239658259,
            720.379333503606,
            700.836027026295,
            675.64235660016
        ],
        "q0.25": [
            950.061998152803,
            862.813685113483,
            814.271620187735,
            793.098401331227,
            760.226999565028
        ],
        "q0.5": [
            970.18813120642,
            880.055632355972,
            816.414989912093,
            801.532831750883,
            776.391337120242
        ],
        "q0.75": [
            1005.61573081756,
            943.173467491141,
            878.627995743351,
            836.215377714751,
            802.20909697964
        ],
        "q0.975": [
            1171.12745432378,
            1185.70313908243,
            1212.96376973472,
            1193.75125444449,
            1203.96329738489
        ]
    }
}