{
    "epiENGAGE-INFLAenza": {
        "target_end_date": [
            "2025-02-01",
            "2025-02-08",
            "2025-02-15",
            "2025-02-22"
        ],
        "q0.025": [
            1306.0,
            1177.0,
            1022.975,
            859.975
        ],
        "q0.25": [
            1678.0,
            1569.75,
            1404.0,
            1223.0
        ],
        "q0.5": [
            1902.5,
            1811.0,
            1676.0,
            1474.0
        ],
        "q0.75": [
            2139.25,
            2115.0,
            1973.25,
            1791.25
        ],
        "q0.975": [
            2748.0,
            2813.15,
            2726.025,
            2522.05
        ]
    },
    "epiENGAGE-GBQR": {
        "target_end_date": [
            "2025-02-01",
            "2025-02-08",
            "2025-02-15",
            "2025-02-22",
            "2025-03-01"
        ],
        "q0.025": [
            1207.5071754289,
            1180.5179013586,
            1111.3673165777,
            1060.5639170098,
            942.61479459149
        ],
        "q0.25": [
            1587.4270876644,
            1447.0821010923,
            1231.7752672829,
            1110.5385264342,
            1020.1522285223
        ],
        "q0.5": [
            1689.435298023,
            1581.2418578804,
            1314.4525987133,
            1188.6099973752,
            1091.3367292921
        ],
        "q0.75": [
            1703.0738800264,
            1583.9981438,
            1390.5902155871,
            1266.8116050327,
            1195.2904921278
        ],
        "q0.975": [
            1899.6530131658,
            1938.5712804795,
            1973.323634598,
            1991.9545645363,
            2054.857051569
        ]
    }
}