{
    "epiENGAGE-INFLAenza": {
        "target_end_date": [
            "2025-02-22",
            "2025-03-01",
            "2025-03-08",
            "2025-03-15"
        ],
        "q0.025": [
            73.0,
            61.0,
            52.0,
            47.0
        ],
        "q0.25": [
            97.0,
            84.0,
            74.0,
            69.0
        ],
        "q0.5": [
            112.0,
            99.0,
            89.0,
            84.0
        ],
        "q0.75": [
            128.0,
            115.0,
            107.0,
            103.0
        ],
        "q0.975": [
            163.0,
            155.0,
            148.025,
            148.0
        ]
    },
    "epiENGAGE-GBQR": {
        "target_end_date": [
            "2025-02-22",
            "2025-03-01",
            "2025-03-08",
            "2025-03-15",
            "2025-03-22"
        ],
        "q0.025": [
            61.2476482610807,
            58.2818637426758,
            55.3171565165049,
            52.0000424026984,
            49.6878261823264
        ],
        "q0.25": [
            80.8835615776574,
            69.4538147528853,
            63.8318685268521,
            59.8887745770383,
            56.9425557261333
        ],
        "q0.5": [
            88.3523946298066,
            78.744765980407,
            68.646889486879,
            64.1873793015488,
            63.8708697560154
        ],
        "q0.75": [
            97.4492473286137,
            88.5651082580941,
            79.71962687907,
            77.3381501003524,
            73.251544337107
        ],
        "q0.975": [
            119.391129743306,
            119.511865297202,
            119.562653198164,
            120.162039827184,
            119.391295513715
        ]
    }
}