{
    "epiENGAGE-INFLAenza": {
        "target_end_date": [
            "2025-03-01",
            "2025-03-08",
            "2025-03-15",
            "2025-03-22"
        ],
        "q0.025": [
            2456.0,
            2028.95,
            1795.975,
            1634.975
        ],
        "q0.25": [
            2976.0,
            2627.0,
            2421.75,
            2280.0
        ],
        "q0.5": [
            3294.0,
            2996.5,
            2825.0,
            2711.5
        ],
        "q0.75": [
            3640.0,
            3421.0,
            3316.0,
            3222.25
        ],
        "q0.975": [
            4444.0,
            4378.025,
            4425.0,
            4467.025
        ]
    },
    "epiENGAGE-GBQR": {
        "target_end_date": [
            "2025-03-01",
            "2025-03-08",
            "2025-03-15",
            "2025-03-22",
            "2025-03-29"
        ],
        "q0.025": [
            2526.52215731727,
            2408.87080859429,
            2310.54738781328,
            2212.26284401514,
            2120.77298670369
        ],
        "q0.25": [
            3126.56204067694,
            2839.03090529747,
            2518.03372812395,
            2326.74736098517,
            2231.67308979658
        ],
        "q0.5": [
            3138.22562151598,
            2851.02352001555,
            2614.61467382341,
            2372.34225508249,
            2278.49424096641
        ],
        "q0.75": [
            3365.72171497164,
            3123.29285441271,
            2803.88465917688,
            2676.77683731764,
            2590.75295752263
        ],
        "q0.975": [
            3842.75198794651,
            3842.04315502174,
            3873.33536318191,
            3916.31974366119,
            3840.66104045302
        ]
    }
}