{
    "epiENGAGE-INFLAenza": {
        "target_end_date": [
            "2025-03-01",
            "2025-03-08",
            "2025-03-15",
            "2025-03-22"
        ],
        "q0.025": [
            528.975,
            449.0,
            404.0,
            364.0
        ],
        "q0.25": [
            687.0,
            607.0,
            560.75,
            527.0
        ],
        "q0.5": [
            784.0,
            712.0,
            676.0,
            642.5
        ],
        "q0.75": [
            890.0,
            836.0,
            812.0,
            786.25
        ],
        "q0.975": [
            1155.05,
            1137.025,
            1119.025,
            1136.025
        ]
    },
    "epiENGAGE-GBQR": {
        "target_end_date": [
            "2025-03-01",
            "2025-03-08",
            "2025-03-15",
            "2025-03-22",
            "2025-03-29"
        ],
        "q0.025": [
            578.568511956174,
            539.169451380218,
            504.383130030921,
            491.286071309022,
            454.81220083683
        ],
        "q0.25": [
            739.477373288923,
            613.580264066924,
            562.01413941758,
            532.554630539822,
            497.154178395257
        ],
        "q0.5": [
            751.477968649329,
            642.419839746327,
            573.005972202762,
            536.943644187697,
            497.499183456284
        ],
        "q0.75": [
            786.667315077217,
            706.514962427642,
            620.421827690153,
            570.769441162983,
            546.370155605958
        ],
        "q0.975": [
            929.948501663359,
            938.385155670633,
            945.823265485935,
            934.187908547841,
            929.045338939668
        ]
    }
}