{
    "epiENGAGE-INFLAenza": {
        "target_end_date": [
            "2025-03-01",
            "2025-03-08",
            "2025-03-15",
            "2025-03-22"
        ],
        "q0.025": [
            578.0,
            494.0,
            437.975,
            396.975
        ],
        "q0.25": [
            753.0,
            667.75,
            622.75,
            581.0
        ],
        "q0.5": [
            860.0,
            783.0,
            737.0,
            711.0
        ],
        "q0.75": [
            984.0,
            916.0,
            881.0,
            859.0
        ],
        "q0.975": [
            1278.05,
            1237.0,
            1244.025,
            1234.05
        ]
    },
    "epiENGAGE-GBQR": {
        "target_end_date": [
            "2025-03-01",
            "2025-03-08",
            "2025-03-15",
            "2025-03-22",
            "2025-03-29"
        ],
        "q0.025": [
            671.589188107594,
            620.196855247215,
            579.303083209344,
            549.646369162373,
            505.592860279631
        ],
        "q0.25": [
            862.319663685667,
            753.194677694485,
            673.94188015025,
            619.850749999812,
            576.703912727615
        ],
        "q0.5": [
            882.809490584245,
            767.789835664504,
            697.061442645624,
            656.253515478488,
            584.539530492938
        ],
        "q0.75": [
            937.558660899821,
            853.923912883444,
            751.747977291997,
            695.278408430879,
            676.899588660141
        ],
        "q0.975": [
            1095.81875440086,
            1101.44704891052,
            1100.07690921681,
            1102.01393847106,
            1102.62683779686
        ]
    }
}