{
  "Flusight-baseline": {
    "target_end_date": ["2022-10-22", "2022-10-29"],
    "q0.025": [59, 50],
    "q0.25": [83, 81],
    "q0.5": [91, 91],
    "q0.75": [99, 101],
    "q0.975": [123, 132]
  },
  "MOBS-GLEAM_FLUH": {
    "target_end_date": ["2022-10-22", "2022-10-29"],
    "q0.025": [151, 307],
    "q0.25": [199, 481],
    "q0.5": [235, 644],
    "q0.75": [280, 885],
    "q0.975": [391, 1538]
  },
  "PSI-DICE": {
    "target_end_date": ["2022-10-22", "2022-10-29"],
    "q0.025": [74, 124],
    "q0.25": [103, 158],
    "q0.5": [118, 175],
    "q0.75": [133, 193],
    "q0.975": [165, 233]
  }
}
