{
  "Flusight-baseline": {
    "target_end_date": ["2022-11-19", "2022-11-26"],
    "q0.025": [251, 216],
    "q0.25": [298, 293],
    "q0.5": [306, 306],
    "q0.75": [314, 319],
    "q0.975": [361, 396]
  },
  "MOBS-GLEAM_FLUH": {
    "target_end_date": ["2022-11-19", "2022-11-26"],
    "q0.025": [275, 208],
    "q0.25": [324, 257],
    "q0.5": [352, 289],
    "q0.75": [379, 319],
    "q0.975": [427, 389]
  },
  "PSI-DICE": {
    "target_end_date": ["2022-11-19", "2022-11-26"],
    "q0.025": [224, 214],
    "q0.25": [278, 256],
    "q0.5": [298, 280],
    "q0.75": [324, 314],
    "q0.975": [395, 401]
  }
}