{
  "Flusight-baseline": {
    "target_end_date": ["2022-12-17", "2022-12-24", "2022-12-31", "2023-01-07"],
    "q0.025": [21542.0, 18886.0, 17456.0, 16873.0],
    "q0.25": [23704.0, 23534.0, 23333.0, 23078.0],
    "q0.5": [23951.0, 23951.0, 23951.0, 23951.0],
    "q0.75": [24198.0, 24369.0, 24580.0, 24820.0],
    "q0.975": [26360.0, 28980.0, 30408.0, 31034.0]},
  "PSI-DICE": {
    "target_end_date": ["2022-12-17", "2022-12-24", "2022-12-31", "2023-01-07"],
    "q0.025": [18217.0, 14027.0, 9338.0, 5437.0],
    "q0.25": [21069.0, 16770.0, 11610.0, 7155.0],
    "q0.5": [22799.0, 19666.0, 15806.0, 12331.0],
    "q0.75": [24988.0, 23984.0, 22433.0, 20779.0],
    "q0.975": [28686.0, 27899.0, 26617.0, 25118.0]},
  "MOBS-GLEAM_FLUH": {
    "target_end_date": ["2022-12-17", "2022-12-24", "2022-12-31", "2023-01-07"],
    "q0.025": [18050.0, 14791.0, 9523.0, 5658.0],
    "q0.25": [23207.0, 20676.0, 14272.0, 8980.0],
    "q0.5": [27298.0, 25235.0, 17985.0, 11600.0],
    "q0.75": [32104.0, 30801.0, 22574.0, 14905.0],
    "q0.975": [41222.0, 42528.0, 32789.0, 22371.0]}
}
