{
  "available_as_ofs": {
    "ILI ED visits": ["2025-02-22", "2025-03-01"],
    "Flu ED visits pct": ["2025-02-22", "2025-03-01"]
  },
  "current_date": "2025-03-01",
  "initial_as_of": "2025-03-01",
  "initial_checked_models": ["epiENGAGE-Copycat", "epiENGAGE-GBQR", "epiENGAGE-INFLAenza", "epiforecasts-dyngam"],
  "initial_interval": "95%",
  "initial_target_var": "ILI ED visits",
  "initial_task_ids": {
    "location": "NYC"
  },
  "initial_xaxis_range": null,
  "intervals": ["0%", "50%", "95%"],
  "models": ["epiENGAGE-Copycat", "epiENGAGE-GBQR", "epiENGAGE-INFLAenza", "epiforecasts-dyngam"],
  "target_variables": [
    {
      "plot_text": "ED visits due to ILI",
      "text": "ED visits due to ILI",
      "value": "ILI ED visits"
    },
    {
      "plot_text": "Percentage of ED visits due to influenza",
      "text": "Percentage of ED visits due to influenza",
      "value": "Flu ED visits pct"
    }
  ],
  "task_ids": {
    "ILI ED visits": {
      "location": [
        {"text": "NYC", "value": "NYC"},
        {"text": "Bronx", "value": "Bronx"},
        {"text": "Brooklyn", "value": "Brooklyn"},
        {"text": "Manhattan", "value": "Manhattan"},
        {"text": "Queens", "value": "Queens"},
        {"text": "Staten Island", "value": "Staten Island"}
      ]
    },
    "Flu ED visits pct": {
      "location": [
        {"text": "Austin", "value": "Austin"},
        {"text": "Houston", "value": "Houston"},
        {"text": "Dallas", "value": "Dallas"},
        {"text": "El Paso", "value": "El Paso"},
        {"text": "San Antonio", "value": "San Antonio"}
      ]
    }
  }
}