{
  "date": [
    "2025-02-01",
    "2025-02-08",
    "2025-02-15"
  ],
  "y": [
    11.67,
    8.78,
    5.42
  ]
}