{
  "date": [
    "2025-02-01",
    "2025-02-08",
    "2025-02-15"
  ],
  "y": [
    10.85,
    7.99,
    4.31
  ]
}