{
    "date": [
        "2025-02-01",
        "2025-02-08"
    ],
    "y": [
        5.85,
        5.21
    ]
}