{
  "date": [
    "2025-02-01",
    "2025-02-08",
    "2025-02-15"
  ],
  "y": [
    6.81,
    6.27,
    4.91
  ]
}