{
  "date": [
    "2025-02-01",
    "2025-02-08",
    "2025-02-15"
  ],
  "y": [
    12.65,
    9.7,
    5.43
  ]
}