{
    "date": [
        "2025-02-01",
        "2025-02-08"
    ],
    "y": [
        10.84,
        7.94
    ]
}