{
    "date": [
        "2025-02-01",
        "2025-02-08"
    ],
    "y": [
        6.75,
        6.19
    ]
}