{
    "date": [
        "2025-02-01"
    ],
    "y": [
        11.57
    ]
}