{
    "date": [
        "2025-02-01",
        "2025-02-08",
        "2025-02-15",
        "2025-02-22"
    ],
    "y": [
        174.0,
        126.0,
        107.0,
        116.0
    ]
}