{
    "date": [
        "2025-02-01",
        "2025-02-08",
        "2025-02-15"
    ],
    "y": [
        1544.0,
        1381.0,
        1132.0
    ]
}