{
    "date": [
        "2025-02-01"
    ],
    "y": [
        6004.0
    ]
}