{
    "date": [
        "2025-02-01",
        "2025-02-08",
        "2025-02-15"
    ],
    "y": [
        6008.0,
        5348.0,
        577.0
    ]
}