{
    "date": [
        "2025-02-01",
        "2025-02-08",
        "2025-02-15",
        "2025-02-22"
    ],
    "y": [
        832.0,
        782.0,
        645.0,
        486.0
    ]
}