{
    "date": [
        "2025-02-01",
        "2025-02-08"
    ],
    "y": [
        1750.0,
        215.0
    ]
}