{
    "date": [
        "2025-02-01",
        "2025-02-08",
        "2025-02-15"
    ],
    "y": [
        6008.0,
        5349.0,
        4413.0
    ]
}