{
    "date": [
        "2025-02-01",
        "2025-02-08"
    ],
    "y": [
        1752.0,
        1538.0
    ]
}