{
    "date": [
        "2025-02-01",
        "2025-02-08",
        "2025-02-15"
    ],
    "y": [
        1752.0,
        1539.0,
        1283.0
    ]
}