{
  "date": [
    "2025-02-01",
    "2025-02-08",
    "2025-02-15",
    "2025-02-22"
  ],
  "y": [
    1544.0,
    1382.0,
    1132.0,
    892.0
  ]
}
