{
    "date": [
        "2025-02-01",
        "2025-02-08"
    ],
    "y": [
        832.0,
        114.0
    ]
}