{
    "date": [
        "2025-02-01",
        "2025-02-08",
        "2025-02-15",
        "2025-02-22"
    ],
    "y": [
        1752.0,
        1539.0,
        1284.0,
        1051.0
    ]
}