{
    "date": [
        "2022-02-12",
        "2022-02-19",
        "2022-02-26",
        "2022-03-05",
        "2022-03-12",
        "2022-03-19",
        "2022-03-26",
        "2022-04-02",
        "2022-04-09",
        "2022-04-16",
        "2022-04-23",
        "2022-04-30",
        "2022-05-07",
        "2022-05-14",
        "2022-05-21",
        "2022-05-28",
        "2022-06-04",
        "2022-06-11",
        "2022-06-18",
        "2022-06-25",
        "2022-07-02",
        "2022-07-09",
        "2022-07-16",
        "2022-07-23",
        "2022-07-30",
        "2022-08-06",
        "2022-08-13",
        "2022-08-20",
        "2022-08-27",
        "2022-09-03",
        "2022-09-10",
        "2022-09-17",
        "2022-09-24",
        "2022-10-01",
        "2022-10-08",
        "2022-10-15",
        "2022-10-22",
        "2022-10-29",
        "2022-11-05",
        "2022-11-12",
        "2022-11-19",
        "2022-11-26",
        "2022-12-03",
        "2022-12-10",
        "2022-12-17",
        "2022-12-24",
        "2022-12-31",
        "2023-01-07",
        "2023-01-14",
        "2023-01-21",
        "2023-01-28",
        "2023-02-04",
        "2023-02-11",
        "2023-02-18",
        "2023-02-25",
        "2023-03-04",
        "2023-03-11",
        "2023-03-18",
        "2023-03-25",
        "2023-04-01",
        "2023-04-08",
        "2023-04-15",
        "2023-04-22",
        "2023-04-29",
        "2023-05-06",
        "2023-05-13",
        "2023-05-20",
        "2023-05-27",
        "2023-06-03",
        "2023-06-10",
        "2023-06-17",
        "2023-06-24",
        "2023-07-01",
        "2023-07-08",
        "2023-07-15",
        "2023-07-22",
        "2023-07-29",
        "2023-08-05",
        "2023-08-12",
        "2023-08-19",
        "2023-08-26",
        "2023-09-02",
        "2023-09-09",
        "2023-09-16",
        "2023-09-23",
        "2023-09-30",
        "2023-10-07",
        "2023-10-14",
        "2023-10-21",
        "2023-10-28",
        "2023-11-04",
        "2023-11-11",
        "2023-11-18",
        "2023-11-25",
        "2023-12-02",
        "2023-12-09",
        "2023-12-16",
        "2023-12-23",
        "2023-12-30",
        "2024-01-06",
        "2024-01-13",
        "2024-01-20",
        "2024-01-27",
        "2024-02-03",
        "2024-02-10",
        "2024-02-17",
        "2024-02-24",
        "2024-03-02",
        "2024-03-09",
        "2024-03-16",
        "2024-03-23",
        "2024-03-30",
        "2024-04-06",
        "2024-04-13",
        "2024-04-20",
        "2024-04-27"
    ],
    "y": [
        1237,
        1512,
        1669,
        1889,
        2223,
        2760,
        3061,
        3149,
        3287,
        3441,
        3588,
        3347,
        3252,
        3219,
        3219,
        2846,
        2802,
        2286,
        1890,
        1486,
        1170,
        884,
        861,
        708,
        619,
        623,
        572,
        574,
        576,
        601,
        615,
        658,
        696,
        891,
        1276,
        1618,
        2243,
        4108,
        6303,
        8521,
        10894,
        18163,
        26602,
        24098,
        21612,
        19632,
        19448,
        14101,
        7231,
        4489,
        3069,
        2410,
        2178,
        1901,
        1657,
        1496,
        1373,
        1428,
        1300,
        1276,
        1200,
        1058,
        986,
        909,
        910,
        974,
        903,
        942,
        933,
        923,
        855,
        816,
        802,
        671,
        710,
        609,
        657,
        680,
        701,
        742,
        773,
        872,
        803,
        820,
        959,
        1089,
        1116,
        1218,
        1474,
        1610,
        1974,
        2695,
        3422,
        4240,
        5752,
        7178,
        9886,
        15134,
        21030,
        18938,
        15291,
        12801,
        12448,
        11317,
        11018,
        10767,
        10454,
        10500,
        9113,
        7268,
        5911,
        5445,
        4951,
        3957,
        2860,
        2337
    ]
}