{
  "date": [
    "2024-11-09",
    "2024-11-16",
    "2024-11-23"
  ],
  "y": [
    7691,
    7595,
    7290
  ]
}